// Jest Snapshot v1, https://goo.gl/fbAQLP

exports[`[Temp] render renders without crashing 1`] = `
<View
  style={
    Object {
      "flex": 1,
    }
  }
>
  <Styled(List)
    dataArray=""
    keyExtractor={[Function]}
    renderRow={[Function]}
  />
</View>
`;
