// Jest Snapshot v1, https://goo.gl/fbAQLP

exports[`[Temp] render renders without crashing 1`] = `
<View
  style={
    Object {
      "flex": 1,
    }
  }
>
  <View
    style={
      Object {
        "backgroundColor": "#fff",
        "flex": 8,
        "flexDirection": "column",
        "paddingHorizontal": 20,
        "paddingVertical": 20,
      }
    }
  >
    <View
      style={
        Object {
          "marginBottom": 30,
          "marginTop": 10,
        }
      }
    >
      <Styled(Text)>
        님에게 보낸 후기입니다:)
      </Styled(Text)>
    </View>
    <View
      style={
        Object {
          "alignItems": "center",
          "backgroundColor": "#FFE4E1",
          "paddingVertical": 20,
        }
      }
    >
      <StarRating />
      <View
        style={
          Object {
            "borderTopColor": "#ff7f50",
            "borderTopRightRadius": 15,
            "borderTopWidth": 4,
            "marginBottom": 5,
            "width": "28%",
          }
        }
      />
      <Styled(Text) />
    </View>
  </View>
  <View />
</View>
`;
