// Jest Snapshot v1, https://goo.gl/fbAQLP

exports[`[Temp] render renders without crashing 1`] = `ShallowWrapper {}`;
